[0m13:09:23.137438 [debug] [MainThread]: Sending event: {'category': 'dbt', 'action': 'invocation', 'label': 'start', 'context': [<snowplow_tracker.self_describing_json.SelfDescribingJson object at 0x0000013FD806A450>, <snowplow_tracker.self_describing_json.SelfDescribingJson object at 0x0000013FD4A357F0>, <snowplow_tracker.self_describing_json.SelfDescribingJson object at 0x0000013FD8653E30>]}


============================== 13:09:23.169004 | 6c1792be-e637-4055-a8c7-c5eaa19fb6bb ==============================
[0m13:09:23.169004 [info ] [MainThread]: Running with dbt=1.11.11
[0m13:09:23.169004 [debug] [MainThread]: running dbt with arguments {'version_check': 'True', 'no_print': 'None', 'static_parser': 'True', 'target_path': 'None', 'warn_error_options': 'WarnErrorOptionsV2(error=[], warn=[], silence=[])', 'printer_width': '80', 'write_json': 'True', 'introspect': 'True', 'log_cache_events': 'False', 'empty': 'None', 'cache_selected_only': 'False', 'log_format': 'default', 'debug': 'False', 'fail_fast': 'False', 'profiles_dir': 'C:\\Users\\User\\.dbt', 'send_anonymous_usage_stats': 'True', 'quiet': 'False', 'warn_error': 'None', 'partial_parse': 'True', 'use_colors': 'True', 'indirect_selection': 'eager', 'invocation_command': 'dbt init forex_models', 'use_experimental_parser': 'False', 'log_path': 'logs'}
[0m13:09:23.191366 [info ] [MainThread]: Creating dbt configuration folder at C:\Users\User\.dbt
[0m13:09:23.191366 [debug] [MainThread]: Starter project path: C:\Users\User\AppData\Local\Programs\Python\Python312\Lib\site-packages\dbt\include\starter_project
[0m13:09:23.217718 [info ] [MainThread]: 
Your new dbt project "forex_models" was created!

For more information on how to configure the profiles.yml file,
please consult the dbt documentation here:

  https://docs.getdbt.com/docs/configure-your-profile

One more thing:

Need help? Don't hesitate to reach out to us via GitHub issues or on Slack:

  https://community.getdbt.com/

Happy modeling!

[0m13:09:23.217718 [info ] [MainThread]: Setting up your profile.
[0m13:39:40.871247 [info ] [MainThread]: Profile forex_models written to C:\Users\User\.dbt\profiles.yml using target's profile_template.yml and your supplied values. Run 'dbt debug' to validate the connection.
[0m13:39:40.871247 [debug] [MainThread]: Command `dbt init` succeeded at 13:39:40.871247 after 1817.82 seconds
[0m13:39:40.871247 [debug] [MainThread]: Sending event: {'category': 'dbt', 'action': 'invocation', 'label': 'end', 'context': [<snowplow_tracker.self_describing_json.SelfDescribingJson object at 0x0000013FD9C5A2A0>, <snowplow_tracker.self_describing_json.SelfDescribingJson object at 0x0000013FD8A72AE0>, <snowplow_tracker.self_describing_json.SelfDescribingJson object at 0x0000013FD8B29580>]}
[0m13:39:40.871247 [debug] [MainThread]: Flushing usage events
[0m13:39:41.893130 [debug] [MainThread]: An error was encountered while trying to flush usage events
[0m13:39:51.848728 [debug] [MainThread]: Sending event: {'category': 'dbt', 'action': 'invocation', 'label': 'start', 'context': [<snowplow_tracker.self_describing_json.SelfDescribingJson object at 0x0000015CC44A04A0>, <snowplow_tracker.self_describing_json.SelfDescribingJson object at 0x0000015CC3F302C0>, <snowplow_tracker.self_describing_json.SelfDescribingJson object at 0x0000015CC3F30A40>]}


============================== 13:39:51.848728 | 900c634f-215f-4a87-a9f0-c43da21ce65a ==============================
[0m13:39:51.848728 [info ] [MainThread]: Running with dbt=1.11.11
[0m13:39:51.848728 [debug] [MainThread]: running dbt with arguments {'version_check': 'True', 'no_print': 'None', 'static_parser': 'True', 'warn_error_options': 'WarnErrorOptionsV2(error=[], warn=[], silence=[])', 'target_path': 'None', 'printer_width': '80', 'write_json': 'True', 'introspect': 'True', 'log_cache_events': 'False', 'empty': 'None', 'cache_selected_only': 'False', 'log_format': 'default', 'debug': 'False', 'fail_fast': 'False', 'profiles_dir': 'C:\\Users\\User\\.dbt', 'send_anonymous_usage_stats': 'True', 'quiet': 'False', 'warn_error': 'None', 'partial_parse': 'True', 'use_colors': 'True', 'invocation_command': 'dbt debug', 'indirect_selection': 'eager', 'use_experimental_parser': 'False', 'log_path': 'logs'}
[0m13:39:51.871211 [info ] [MainThread]: dbt version: 1.11.11
[0m13:39:51.871211 [info ] [MainThread]: python version: 3.12.10
[0m13:39:51.871211 [info ] [MainThread]: python path: C:\Users\User\AppData\Local\Programs\Python\Python312\python.exe
[0m13:39:51.871211 [info ] [MainThread]: os info: Windows-11-10.0.26200-SP0
[0m13:39:51.924751 [info ] [MainThread]: Using profiles dir at C:\Users\User\.dbt
[0m13:39:51.925753 [info ] [MainThread]: Using profiles.yml file at C:\Users\User\.dbt\profiles.yml
[0m13:39:51.925753 [info ] [MainThread]: Using dbt_project.yml file at C:\Users\User\OneDrive\AWS project\fintech-pipeline\dbt_project.yml
[0m13:39:51.926755 [info ] [MainThread]: adapter type: postgres
[0m13:39:51.926755 [info ] [MainThread]: adapter version: 1.10.0
[0m13:39:51.927757 [info ] [MainThread]: Configuration:
[0m13:39:51.927757 [info ] [MainThread]:   profiles.yml file [[32mOK found and valid[0m]
[0m13:39:51.927757 [info ] [MainThread]:   dbt_project.yml file [[31mERROR not found[0m]
[0m13:39:51.927757 [info ] [MainThread]: Required dependencies:
[0m13:39:51.928759 [debug] [MainThread]: Executing "git --help"
[0m13:39:51.954087 [debug] [MainThread]: STDOUT: "b"usage: git [-v | --version] [-h | --help] [-C <path>] [-c <name>=<value>]\n           [--exec-path[=<path>]] [--html-path] [--man-path] [--info-path]\n           [-p | --paginate | -P | --no-pager] [--no-replace-objects] [--no-lazy-fetch]\n           [--no-optional-locks] [--no-advice] [--bare] [--git-dir=<path>]\n           [--work-tree=<path>] [--namespace=<name>] [--config-env=<name>=<envvar>]\n           <command> [<args>]\n\nThese are common Git commands used in various situations:\n\nstart a working area (see also: git help tutorial)\n   clone      Clone a repository into a new directory\n   init       Create an empty Git repository or reinitialize an existing one\n\nwork on the current change (see also: git help everyday)\n   add        Add file contents to the index\n   mv         Move or rename a file, a directory, or a symlink\n   restore    Restore working tree files\n   rm         Remove files from the working tree and from the index\n\nexamine the history and state (see also: git help revisions)\n   bisect     Use binary search to find the commit that introduced a bug\n   diff       Show changes between commits, commit and working tree, etc\n   grep       Print lines matching a pattern\n   log        Show commit logs\n   show       Show various types of objects\n   status     Show the working tree status\n\ngrow, mark and tweak your common history\n   backfill   Download missing objects in a partial clone\n   branch     List, create, or delete branches\n   commit     Record changes to the repository\n   history    EXPERIMENTAL: Rewrite history\n   merge      Join two or more development histories together\n   rebase     Reapply commits on top of another base tip\n   reset      Set `HEAD` or the index to a known state\n   switch     Switch branches\n   tag        Create, list, delete or verify tags\n\ncollaborate (see also: git help workflows)\n   fetch      Download objects and refs from another repository\n   pull       Fetch from and integrate with another repository or a local branch\n   push       Update remote refs along with associated objects\n\n'git help -a' and 'git help -g' list available subcommands and some\nconcept guides. See 'git help <command>' or 'git help <concept>'\nto read about a specific subcommand or concept.\nSee 'git help git' for an overview of the system.\n""
[0m13:39:51.970105 [debug] [MainThread]: STDERR: "b''"
[0m13:39:51.970771 [info ] [MainThread]:  - git [[32mOK found[0m]

[0m13:39:51.970771 [info ] [MainThread]: Connection:
[0m13:39:51.971148 [info ] [MainThread]:   host: localhost
[0m13:39:51.971148 [info ] [MainThread]:   port: 5432
[0m13:39:51.971148 [info ] [MainThread]:   user: postgres
[0m13:39:51.972172 [info ] [MainThread]:   database: fintech
[0m13:39:51.972172 [info ] [MainThread]:   schema: public
[0m13:39:51.972172 [info ] [MainThread]:   connect_timeout: 10
[0m13:39:51.973175 [info ] [MainThread]:   role: None
[0m13:39:51.973175 [info ] [MainThread]:   search_path: None
[0m13:39:51.973175 [info ] [MainThread]:   keepalives_idle: 0
[0m13:39:51.974177 [info ] [MainThread]:   sslmode: None
[0m13:39:51.974177 [info ] [MainThread]:   sslcert: None
[0m13:39:51.974177 [info ] [MainThread]:   sslkey: None
[0m13:39:51.974177 [info ] [MainThread]:   sslrootcert: None
[0m13:39:51.974177 [info ] [MainThread]:   application_name: dbt
[0m13:39:51.975178 [info ] [MainThread]:   retries: 1
[0m13:39:51.975178 [info ] [MainThread]: Registered adapter: postgres=1.10.0
[0m13:39:52.401692 [debug] [MainThread]: Acquiring new postgres connection 'debug'
[0m13:39:54.684737 [debug] [MainThread]: Using postgres connection "debug"
[0m13:39:54.684737 [debug] [MainThread]: On debug: select 1 as id
[0m13:39:54.684737 [debug] [MainThread]: Opening a new connection, currently in state init
[0m13:39:54.764114 [debug] [MainThread]: SQL status: SELECT 1 in 0.073 seconds
[0m13:39:54.764114 [debug] [MainThread]: On debug: Close
[0m13:39:54.764114 [info ] [MainThread]:   Connection test: [[32mOK connection ok[0m]

[0m13:39:54.764114 [info ] [MainThread]: [31m1 check failed:[0m
[0m13:39:54.764114 [info ] [MainThread]: Project loading failed for the following reason:
 project path <C:\Users\User\OneDrive\AWS project\fintech-pipeline\dbt_project.yml> not found

[0m13:39:54.764114 [debug] [MainThread]: Command `dbt debug` failed at 13:39:54.764114 after 3.03 seconds
[0m13:39:54.764114 [debug] [MainThread]: Connection 'debug' was properly closed.
[0m13:39:54.764114 [debug] [MainThread]: Sending event: {'category': 'dbt', 'action': 'invocation', 'label': 'end', 'context': [<snowplow_tracker.self_describing_json.SelfDescribingJson object at 0x0000015CC4216CC0>, <snowplow_tracker.self_describing_json.SelfDescribingJson object at 0x0000015CC5DCAC90>, <snowplow_tracker.self_describing_json.SelfDescribingJson object at 0x0000015CC4998D10>]}
[0m13:39:54.764114 [debug] [MainThread]: Flushing usage events
[0m13:39:55.517820 [debug] [MainThread]: An error was encountered while trying to flush usage events
